#
# A fatal error has been detected by the Java Runtime Environment:
#
#  EXCEPTION_ACCESS_VIOLATION (0xc0000005) at pc=0x000000000000000a, pid=5260, tid=7568
#
# JRE version: OpenJDK Runtime Environment Microsoft-14941484 (21.0.12.1+1) (build 21.0.12.1+1-LTS)
# Java VM: OpenJDK 64-Bit Server VM Microsoft-14941484 (21.0.12.1+1-LTS, mixed mode, sharing, tiered, compressed oops, compressed class ptrs, g1 gc, windows-amd64)
# Problematic frame:
# V  [jvm.dll+0x328855]
#
# No core dump will be written. Minidumps are not enabled by default on client versions of Windows
#
# If you would like to submit a bug report, please visit:
#   https://github.com/microsoft/openjdk/issues
#

---------------  S U M M A R Y ------------

Command Line: --add-opens=java.base/java.util=ALL-UNNAMED --add-opens=java.base/java.lang=ALL-UNNAMED --add-opens=java.base/java.lang.invoke=ALL-UNNAMED --add-opens=java.prefs/java.util.prefs=ALL-UNNAMED --add-opens=java.base/java.nio.charset=ALL-UNNAMED --add-opens=java.base/java.net=ALL-UNNAMED --add-opens=java.base/java.util.concurrent.atomic=ALL-UNNAMED -Xmx2048m -Dfile.encoding=UTF-8 -Duser.country=AU -Duser.language=en -Duser.variant -javaagent:C:\Users\peter\.gradle\wrapper\dists\gradle-8.7-bin\bhs2wmbdwecv87pi65oeuq5iu\gradle-8.7\lib\agents\gradle-instrumentation-agent-8.7.jar org.gradle.launcher.daemon.bootstrap.GradleDaemon 8.7

Host: Intel(R) Core(TM) i5-2500K CPU @ 3.30GHz, 4 cores, 7G,  Windows 10 , 64 bit Build 19041 (10.0.19041.5915)
Time: Tue Sep  8 15:20:52 2026 AUS Eastern Standard Time elapsed time: 5.309762 seconds (0d 0h 0m 5s)

---------------  T H R E A D  ---------------

Current thread (0x000001a1e9f77bc0):  WorkerThread "G1 Conc#0"      [id=7568, stack(0x00000089f8200000,0x00000089f8300000) (1024K)]

Stack: [0x00000089f8200000,0x00000089f8300000],  sp=0x00000089f82ffad0,  free space=1022k
Native frames: (J=compiled Java code, j=interpreted, Vv=VM code, C=native code)
C  0x000000000000000a  (no source info available)


siginfo: EXCEPTION_ACCESS_VIOLATION (0xc0000005), data execution prevention violation at address 0x000000000000000a


Registers:
RAX=0x0660000000000000, RBX=0x0660000000000000, RCX=0x00000089f82ffbe0, RDX=0x00000000ffe26f40
RSP=0x00000089f82ffac8, RBP=0x00000089f82ffbe0, RSI=0x00000000ffe26f40, RDI=0x000001a18f002118
R8 =0x000001a18f002118, R9 =0x000000000000000a, R10=0x000001a18f000000, R11=0x0660000000000000
R12=0x0000000000000000, R13=0xaaaaaaaaaaaaaaab, R14=0x0000000000000000, R15=0x00000089f82ffbc0
RIP=0x000000000000000a, EFLAGS=0x0000000000010206

XMM[0]=0x0000000000000000 0x0000000000000000
XMM[1]=0x0000000000000000 0x0000000000000000
XMM[2]=0x0000000000000000 0x0000000000000000
XMM[3]=0x0000000000000000 0x0000000000000000
XMM[4]=0x0000000000000000 0x0000000000000000
XMM[5]=0x0000000000000000 0x0000000000000000
XMM[6]=0x0000000000000000 0x400acb851eb851ec
XMM[7]=0x0000000000000000 0x408f400000000000
XMM[8]=0x0000000000000000 0x0000000000000000
XMM[9]=0x0000000000000000 0x0000000000000000
XMM[10]=0x0000000000000000 0x0000000000000000
XMM[11]=0x0000000000000000 0x0000000000000000
XMM[12]=0x0000000000000000 0x0000000000000000
XMM[13]=0x0000000000000000 0x0000000000000000
XMM[14]=0x0000000000000000 0x0000000000000000
XMM[15]=0x0000000000000000 0x0000000000000000
  MXCSR=0x00001fa0


Register to memory mapping:

RAX=0x0660000000000000 is an unknown value
RBX=0x0660000000000000 is an unknown value
RCX=0x00000089f82ffbe0 points into unknown readable memory: 0x00007fffe5bf0e68 | 68 0e bf e5 ff 7f 00 00
RDX=0x00000000ffe26f40 points into unknown readable memory: 0x0000000000000009 | 09 00 00 00 00 00 00 00
RSP=0x00000089f82ffac8 points into unknown readable memory: 0x00007fffe54d8855 | 55 88 4d e5 ff 7f 00 00
RBP=0x00000089f82ffbe0 points into unknown readable memory: 0x00007fffe5bf0e68 | 68 0e bf e5 ff 7f 00 00
RSI=0x00000000ffe26f40 points into unknown readable memory: 0x0000000000000009 | 09 00 00 00 00 00 00 00
RDI=0x000001a18f002118 is pointing into metadata
R8 =0x000001a18f002118 is pointing into metadata
R9 =0x000000000000000a is an unknown value
R10=0x000001a18f000000 is pointing into metadata
R11=0x0660000000000000 is an unknown value
R12=0x0 is null
R13=0xaaaaaaaaaaaaaaab is an unknown value
R14=0x0 is null
R15=0x00000089f82ffbc0 points into unknown readable memory: 0x000001a1e9f65f60 | 60 5f f6 e9 a1 01 00 00

Top of Stack: (sp=0x00000089f82ffac8)
0x00000089f82ffac8:   00007fffe54d8855 000001a18f00e878   U.M.....x.......
0x00000089f82ffad8:   0000000000000003 00000089f82ffbe0   ........../.....
0x00000089f82ffae8:   0000000000000000 0000000000079eae   ................
0x00000089f82ffaf8:   00007fffe54f8934 00000000ffe26f40   4.O.....@o......
0x00000089f82ffb08:   000001a1e9f65f70 000001a1e9f7b7b0   p_..............
0x00000089f82ffb18:   00007fffe588c17c 00000089f82ffbc0   |........./.....
0x00000089f82ffb28:   00007fffe54f5221 000000000ffc4de8   !RO......M......
0x00000089f82ffb38:   00000000ffe26f40 000001a1e9f65f70   @o......p_......
0x00000089f82ffb48:   00000089f82ffbc0 000000000ffe0000   ../.............
0x00000089f82ffb58:   00007fffe54f6eac 00000000ffe26f28   .nO.....(o......
0x00000089f82ffb68:   000000000ffc4de8 0000000000098968   .M......h.......
0x00000089f82ffb78:   0000000000000000 0000000000000001   ................
0x00000089f82ffb88:   0000000000000000 000001a1e9f7b7b0   ................
0x00000089f82ffb98:   00007fffe54f5ae7 000001a1e9f7b848   .ZO.....H.......
0x00000089f82ffba8:   000001a1e9f07401 000001a1e9f7b848   .t......H.......
0x00000089f82ffbb8:   000001a1e9f7b848 000001a1e9f65f60   H.......`_......
0x00000089f82ffbc8:   000001a1e9f7b7b0 00000000ffe00000   ................
0x00000089f82ffbd8:   0000000000020000 00007fffe5bf0e68   ........h.......
0x00000089f82ffbe8:   000001a1f71a32f0 0000000000000003   .2..............
0x00000089f82ffbf8:   000001a1e9f21b30 000001a1e9f7b7b0   0...............
0x00000089f82ffc08:   00007fffe588c17c c215b08487ffdf3b   |.......;.......
0x00000089f82ffc18:   0000000000000000 0000000000000000   ................
0x00000089f82ffc28:   0000000000000000 000001a1e9f77f70   ........p.......
0x00000089f82ffc38:   00000089f81ff490 000001a1e9f77f80   ................
0x00000089f82ffc48:   0000000000000000 000001a1e9f7b880   ................
0x00000089f82ffc58:   00007fffe54f93b6 00000028cbcff55c   ..O.....\...(...
0x00000089f82ffc68:   000001a1e9f07450 000001a1e9f7b7b0   Pt..............
0x00000089f82ffc78:   0000000000000000 0000000000000000   ................
0x00000089f82ffc88:   0000000000000000 0000000000000000   ................
0x00000089f82ffc98:   000001a1e9f78b60 0000000000000000   `...............
0x00000089f82ffca8:   0000000000000000 0000000000000000   ................
0x00000089f82ffcb8:   000001a1e9f78ba0 000001a1e9f77bc0   .........{......

Instructions: (pc=0x00007fffe54d8855)
0x00007fffe54d8755:   0b 00 00 49 0f 45 c1 48 89 05 0d f4 91 00 49 3b
0x00007fffe54d8765:   c2 0f 84 74 0a 00 00 48 ff e0 cc 48 83 ec 38 80
0x00007fffe54d8775:   3d db b8 98 00 00 4c 8d 1d fe 03 ce ff 41 0f 10
0x00007fffe54d8785:   01 49 8b c3 4c 8d 15 f0 03 ce ff 49 0f 45 c2 48
0x00007fffe54d8795:   89 05 95 f3 91 00 0f 29 44 24 20 49 3b c3 74 07
0x00007fffe54d87a5:   4c 8d 4c 24 20 ff d0 48 83 c4 38 c3 cc cc cc cc
0x00007fffe54d87b5:   cc cc cc cc cc cc cc cc cc cc cc 80 3d 8f b8 98
0x00007fffe54d87c5:   00 00 4c 8d 15 b2 03 ce ff 49 8b c2 4c 8d 0d a8
0x00007fffe54d87d5:   03 ce ff 49 0f 45 c1 48 89 05 85 f3 91 00 49 3b
0x00007fffe54d87e5:   c2 74 03 48 ff e0 c3 cc cc cc cc 48 89 5c 24 08
0x00007fffe54d87f5:   48 89 6c 24 10 48 89 74 24 18 57 48 83 ec 20 80
0x00007fffe54d8805:   3d b6 05 92 00 00 48 8b ea 48 8b f1 74 15 8b 79
0x00007fffe54d8815:   08 8b 0d 2c e8 91 00 48 d3 e7 48 03 3d 1a e8 91
0x00007fffe54d8825:   00 eb 04 48 8b 79 08 48 8b d7 48 8b ce e8 a9 3b
0x00007fffe54d8835:   ce ff 48 63 4f 0c 4c 8d 0d fe f2 91 00 4c 8b c7
0x00007fffe54d8845:   48 8b d6 48 8b d8 4d 8b 0c c9 48 8b cd 41 ff d1
0x00007fffe54d8855:   48 8b 6c 24 38 48 8b c3 48 8b 5c 24 30 48 8b 74
0x00007fffe54d8865:   24 40 48 83 c4 20 5f c3 cc cc cc 40 55 48 83 ec
0x00007fffe54d8875:   30 48 89 5c 24 40 48 8b e9 49 8b d8 48 89 74 24
0x00007fffe54d8885:   48 44 8b 41 10 45 33 c9 4c 89 74 24 28 4c 89 7c
0x00007fffe54d8895:   24 20 4c 8b fa 48 8b d1 48 8b 8b 98 00 00 00 e8
0x00007fffe54d88a5:   97 40 f0 ff 4c 63 93 ac 00 00 00 4c 63 8b 24 01
0x00007fffe54d88b5:   00 00 49 83 c2 3a 8b 83 20 01 00 00 4d 03 d1 49
0x00007fffe54d88c5:   03 c2 4a 8d 34 d3 4c 8d 34 c3 49 3b f6 73 4d 48
0x00007fffe54d88d5:   89 7c 24 50 0f 1f 80 00 00 00 00 48 63 1e 8b 46
0x00007fffe54d88e5:   04 49 03 df 48 8d 3c c3 48 3b df 73 21 48 8b 4d
0x00007fffe54d88f5:   20 48 ff 81 b8 00 00 00 48 8b 13 48 85 d2 74 05
0x00007fffe54d8905:   e8 26 29 00 00 48 83 c3 08 48 3b df 72 df 48 83
0x00007fffe54d8915:   c6 08 49 3b f6 72 c4 48 8b 7c 24 50 49 8b cf e8
0x00007fffe54d8925:   07 24 0d 00 4c 8b 7c 24 20 4c 8b 74 24 28 48 8b
0x00007fffe54d8935:   74 24 48 48 8b 5c 24 40 48 85 c0 74 17 44 8b 45
0x00007fffe54d8945:   10 45 33 c9 48 8b d5 48 8b c8 48 83 c4 30 5d e9


Stack slot to memory mapping:

stack at sp + 0 slots: 0x000001a18f00e878 is a pointer to class: 
java.lang.String {0x000001a18f00e880}
 - instance size:     3
 - klass size:        84
 - access:            public final synchronized 
 - flags:             rewritten has_nonstatic_fields has_nonstatic_concrete_methods is_shared_boot_class has_localvariable_table 
 - state:             fully_initialized
 - name:              'java/lang/String'
 - super:             'java/lang/Object'
 - sub:               
 - arrays:            'java/lang/String'[]
 - methods:           Array<T>(0x000001a18f6255d0)
 - method ordering:   Array<T>(0x000001a18f625b48)
 - local interfaces:  Array<T>(0x000001a18f625b18)
 - trans. interfaces: Array<T>(0x000001a18f625b18)
 - secondary supers: Array<T>(0x000001a18f6227a0)
 - hash_slot:         31
 - bitmap:            0x8000011100001000
 - constants:         constant pool [1451]/operands[28] {0x000001a18f6227f8} for 'java/lang/String' cache=0x000001a18f455e68
 - class loader data:  loader data: 0x000001a1f71a13c0 of 'bootstrap'
 - source file:       'String.java'
 - field annotations:       Array<T>(0x000001a18fbec440)
 - generic signature: 'Ljava/lang/Object;Ljava/io/Serializable;Ljava/lang/Comparable<Ljava/lang/String;>;Ljava/lang/CharSequence;Ljava/lang/constant/Constable;Ljava/lang/constant/ConstantDesc;'
 - inner classes:     Array<T>(0x000001a18f625590)
 - nest members:     Array<T>(0x000001a18f625e50)
 - permitted subclasses:     Array<T>(0x000001a18f611a30)
 - java mirror:       a 'java/lang/Class'{0x00000000800ade10} = 'java/lang/String'
 - vtable length      5  (start addr: 0x000001a18f00ea48)
 - itable length      20 (start addr: 0x000001a18f00ea70)
 - ---- static fields (3 words):
 - private static final 'serialVersionUID' 'J' @120 
 - static final 'COMPACT_STRINGS' 'Z' @130 
 - private static final 'serialPersistentFields' '[Ljava/io/ObjectStreamField;' @112 
 - private static final 'REPL' 'C' @128 
 - public static final 'CASE_INSENSITIVE_ORDER' 'Ljava/util/Comparator;' @116 
 - static final 'LATIN1' 'B' @131 
 - static final 'UTF16' 'B' @132 
 - ---- non-static fields (3 words):
 - private 'hash' 'I' @12 
 - private final 'coder' 'B' @16 
 - private 'hashIsZero' 'Z' @17 
 - injected 'flags' 'B' @18 
 - private final 'value' '[B' @20 
 - non-static oop maps: 20-20 
stack at sp + 1 slots: 0x0000000000000003 is an unknown value
stack at sp + 2 slots: 0x00000089f82ffbe0 points into unknown readable memory: 0x00007fffe5bf0e68 | 68 0e bf e5 ff 7f 00 00
stack at sp + 3 slots: 0x0 is null
stack at sp + 4 slots: 0x0000000000079eae is an unknown value
stack at sp + 5 slots: 0x00007fffe54f8934 jvm.dll
stack at sp + 6 slots: 0x00000000ffe26f40 points into unknown readable memory: 0x0000000000000009 | 09 00 00 00 00 00 00 00
stack at sp + 7 slots: 0x000001a1e9f65f70 points into unknown readable memory: 0x00007fffe5bf2238 | 38 22 bf e5 ff 7f 00 00


---------------  P R O C E S S  ---------------

Threads class SMR info:
_java_thread_list=0x000001a1d0d43ec0, length=36, elements={
0x000001a1e7d5e1e0, 0x000001a1f7310c60, 0x000001a1f7311b80, 0x000001a1f7315120,
0x000001a1f7317b90, 0x000001a1f731ada0, 0x000001a1f731cc90, 0x000001a1f73279d0,
0x000001a1f7328c10, 0x000001a1f731ed60, 0x000001a1f731c600, 0x000001a1f75e3150,
0x000001a1f731d320, 0x000001a1f731fa80, 0x000001a1f731d9b0, 0x000001a1f731e6d0,
0x000001a1fc448bc0, 0x000001a1fc447810, 0x000001a1fc445740, 0x000001a1fc447ea0,
0x000001a1fc446af0, 0x000001a1fc445dd0, 0x000001a1fc447180, 0x000001a1fc448530,
0x000001a1fc446460, 0x000001a1fee76380, 0x000001a1fee7abb0, 0x000001a1fee79170,
0x000001a1fee75cf0, 0x000001a1fee7b240, 0x000001a1fee75660, 0x000001a1fee76a10,
0x000001a1fee78450, 0x000001a1fee77730, 0x000001a1fee78ae0, 0x000001a1fee79800
}

Java Threads: ( => current thread )
  0x000001a1e7d5e1e0 JavaThread "main"                              [_thread_blocked, id=8964, stack(0x00000089f7f00000,0x00000089f8000000) (1024K)]
  0x000001a1f7310c60 JavaThread "Reference Handler"          daemon [_thread_blocked, id=7604, stack(0x00000089f8700000,0x00000089f8800000) (1024K)]
  0x000001a1f7311b80 JavaThread "Finalizer"                  daemon [_thread_blocked, id=11236, stack(0x00000089f8800000,0x00000089f8900000) (1024K)]
  0x000001a1f7315120 JavaThread "Signal Dispatcher"          daemon [_thread_blocked, id=5564, stack(0x00000089f8900000,0x00000089f8a00000) (1024K)]
  0x000001a1f7317b90 JavaThread "Attach Listener"            daemon [_thread_blocked, id=2384, stack(0x00000089f8a00000,0x00000089f8b00000) (1024K)]
  0x000001a1f731ada0 JavaThread "Service Thread"             daemon [_thread_blocked, id=6060, stack(0x00000089f8b00000,0x00000089f8c00000) (1024K)]
  0x000001a1f731cc90 JavaThread "Monitor Deflation Thread"   daemon [_thread_blocked, id=3552, stack(0x00000089f8c00000,0x00000089f8d00000) (1024K)]
  0x000001a1f73279d0 JavaThread "C2 CompilerThread0"         daemon [_thread_in_native, id=3724, stack(0x00000089f8d00000,0x00000089f8e00000) (1024K)]
  0x000001a1f7328c10 JavaThread "C1 CompilerThread0"         daemon [_thread_in_native, id=8352, stack(0x00000089f8e00000,0x00000089f8f00000) (1024K)]
  0x000001a1f731ed60 JavaThread "Common-Cleaner"             daemon [_thread_blocked, id=1796, stack(0x00000089f8f00000,0x00000089f9000000) (1024K)]
  0x000001a1f731c600 JavaThread "Notification Thread"        daemon [_thread_blocked, id=7652, stack(0x00000089f9000000,0x00000089f9100000) (1024K)]
  0x000001a1f75e3150 JavaThread "C2 CompilerThread1"         daemon [_thread_in_native, id=5820, stack(0x00000089f9100000,0x00000089f9200000) (1024K)]
  0x000001a1f731d320 JavaThread "Daemon health stats"               [_thread_blocked, id=1892, stack(0x00000089f9500000,0x00000089f9600000) (1024K)]
  0x000001a1f731fa80 JavaThread "Incoming local TCP Connector on port 42014"        [_thread_in_native, id=10244, stack(0x00000089f9600000,0x00000089f9700000) (1024K)]
  0x000001a1f731d9b0 JavaThread "Daemon periodic checks"            [_thread_blocked, id=10816, stack(0x00000089f9700000,0x00000089f9800000) (1024K)]
  0x000001a1f731e6d0 JavaThread "Daemon"                            [_thread_blocked, id=5692, stack(0x00000089f9800000,0x00000089f9900000) (1024K)]
  0x000001a1fc448bc0 JavaThread "Handler for socket connection from /127.0.0.1:42014 to /127.0.0.1:42015"        [_thread_in_native, id=8504, stack(0x00000089f9900000,0x00000089f9a00000) (1024K)]
  0x000001a1fc447810 JavaThread "Cancel handler"                    [_thread_blocked, id=8312, stack(0x00000089f9a00000,0x00000089f9b00000) (1024K)]
  0x000001a1fc445740 JavaThread "Daemon worker"                     [_thread_in_Java, id=8064, stack(0x00000089f9b00000,0x00000089f9c00000) (1024K)]
  0x000001a1fc447ea0 JavaThread "Asynchronous log dispatcher for DefaultDaemonConnection: socket connection from /127.0.0.1:42014 to /127.0.0.1:42015"        [_thread_blocked, id=9952, stack(0x00000089f9c00000,0x00000089f9d00000) (1024K)]
  0x000001a1fc446af0 JavaThread "Stdin handler"                     [_thread_blocked, id=9472, stack(0x00000089f9d00000,0x00000089f9e00000) (1024K)]
  0x000001a1fc445dd0 JavaThread "Daemon client event forwarder"        [_thread_blocked, id=10948, stack(0x00000089f9e00000,0x00000089f9f00000) (1024K)]
  0x000001a1fc447180 JavaThread "Cache worker for journal cache (C:\Users\peter\.gradle\caches\journal-1)"        [_thread_blocked, id=1752, stack(0x00000089f9f00000,0x00000089fa000000) (1024K)]
  0x000001a1fc448530 JavaThread "File lock request listener"        [_thread_in_native, id=3504, stack(0x00000089fa000000,0x00000089fa100000) (1024K)]
  0x000001a1fc446460 JavaThread "Cache worker for file hash cache (C:\Users\peter\.gradle\caches\8.7\fileHashes)"        [_thread_blocked, id=3028, stack(0x00000089fa100000,0x00000089fa200000) (1024K)]
  0x000001a1fee76380 JavaThread "Cache worker for file hash cache (D:\My Documents\GitHub\SSTaskLoader\.gradle\8.7\fileHashes)"        [_thread_blocked, id=7996, stack(0x00000089fa200000,0x00000089fa300000) (1024K)]
  0x000001a1fee7abb0 JavaThread "File watcher server"        daemon [_thread_in_native, id=5908, stack(0x00000089fa300000,0x00000089fa400000) (1024K)]
  0x000001a1fee79170 JavaThread "File watcher consumer"      daemon [_thread_blocked, id=8980, stack(0x00000089fa400000,0x00000089fa500000) (1024K)]
  0x000001a1fee75cf0 JavaThread "jar transforms"                    [_thread_blocked, id=9596, stack(0x00000089fa500000,0x00000089fa600000) (1024K)]
  0x000001a1fee7b240 JavaThread "jar transforms Thread 2"           [_thread_blocked, id=10364, stack(0x00000089fa600000,0x00000089fa700000) (1024K)]
  0x000001a1fee75660 JavaThread "jar transforms Thread 3"           [_thread_blocked, id=5904, stack(0x00000089fa700000,0x00000089fa800000) (1024K)]
  0x000001a1fee76a10 JavaThread "jar transforms Thread 4"           [_thread_blocked, id=2744, stack(0x00000089fa800000,0x00000089fa900000) (1024K)]
  0x000001a1fee78450 JavaThread "Cache worker for checksums cache (D:\My Documents\GitHub\SSTaskLoader\.gradle\8.7\checksums)"        [_thread_blocked, id=10328, stack(0x00000089fa900000,0x00000089faa00000) (1024K)]
  0x000001a1fee77730 JavaThread "Cache worker for cache directory md-supplier (C:\Users\peter\.gradle\caches\8.7\md-supplier)"        [_thread_blocked, id=4960, stack(0x00000089faa00000,0x00000089fab00000) (1024K)]
  0x000001a1fee78ae0 JavaThread "Cache worker for cache directory md-rule (C:\Users\peter\.gradle\caches\8.7\md-rule)"        [_thread_blocked, id=2828, stack(0x00000089fab00000,0x00000089fac00000) (1024K)]
  0x000001a1fee79800 JavaThread "Cache worker for file content cache (C:\Users\peter\.gradle\caches\8.7\fileContent)"        [_thread_blocked, id=4188, stack(0x00000089fac00000,0x00000089fad00000) (1024K)]
Total: 36

Other Threads:
  0x000001a1f72f3820 VMThread "VM Thread"                           [id=7704, stack(0x00000089f8600000,0x00000089f8700000) (1024K)]
  0x000001a1f72e1010 WatcherThread "VM Periodic Task Thread"        [id=8540, stack(0x00000089f8500000,0x00000089f8600000) (1024K)]
  0x000001a1e9f65950 WorkerThread "GC Thread#0"                     [id=2036, stack(0x00000089f8000000,0x00000089f8100000) (1024K)]
  0x000001a1f7823e70 WorkerThread "GC Thread#1"                     [id=5588, stack(0x00000089f9200000,0x00000089f9300000) (1024K)]
  0x000001a1f7953500 WorkerThread "GC Thread#2"                     [id=8376, stack(0x00000089f9300000,0x00000089f9400000) (1024K)]
  0x000001a1f76d5840 WorkerThread "GC Thread#3"                     [id=3436, stack(0x00000089f9400000,0x00000089f9500000) (1024K)]
  0x000001a1e9f76a00 ConcurrentGCThread "G1 Main Marker"            [id=8832, stack(0x00000089f8100000,0x00000089f8200000) (1024K)]
=>0x000001a1e9f77bc0 WorkerThread "G1 Conc#0"                       [id=7568, stack(0x00000089f8200000,0x00000089f8300000) (1024K)]
  0x000001a1e9fde500 ConcurrentGCThread "G1 Refine#0"               [id=9580, stack(0x00000089f8300000,0x00000089f8400000) (1024K)]
  0x000001a1f71a60e0 ConcurrentGCThread "G1 Service"                [id=6344, stack(0x00000089f8400000,0x00000089f8500000) (1024K)]
Total: 10

Threads with active compile tasks:
C2 CompilerThread0  5369 3932       4       java.util.HashMap::getNode (150 bytes)
C2 CompilerThread1  5369 3931       4       java.io.DataInputStream::readUTF (501 bytes)
Total: 2

VM state: not at safepoint (normal execution)

VM Mutex/Monitor currently owned by a thread: None

Heap address: 0x0000000080000000, size: 2048 MB, Compressed Oops mode: 32-bit

CDS archive(s) mapped at: [0x000001a18f000000-0x000001a18fc80000-0x000001a18fc80000), size 13107200, SharedBaseAddress: 0x000001a18f000000, ArchiveRelocationMode: 1.
Compressed class space mapped at: 0x000001a190000000-0x000001a1d0000000, reserved size: 1073741824
Narrow klass base: 0x000001a18f000000, Narrow klass shift: 0, Narrow klass range: 0x100000000

GC Precious Log:
 CardTable entry size: 512
 Card Set container configuration: InlinePtr #cards 5 size 8 Array Of Cards #cards 12 size 40 Howl #buckets 4 coarsen threshold 1843 Howl Bitmap #cards 512 size 80 coarsen threshold 460 Card regions per heap region 1 cards per card region 2048
 CPUs: 4 total, 4 available
 Memory: 8103M
 Large Page Support: Disabled
 NUMA Support: Disabled
 Compressed Oops: Enabled (32-bit)
 Heap Region Size: 1M
 Heap Min Capacity: 8M
 Heap Initial Capacity: 128M
 Heap Max Capacity: 2G
 Pre-touch: Disabled
 Parallel Workers: 4
 Concurrent Workers: 1
 Concurrent Refinement Workers: 4
 Periodic GC: Disabled

Heap:
 garbage-first heap   total 90112K, used 55566K [0x0000000080000000, 0x0000000100000000)
  region size 1024K, 8 young (8192K), 3 survivors (3072K)
 Metaspace       used 32048K, committed 33280K, reserved 1114112K
  class space    used 4886K, committed 5440K, reserved 1048576K

Heap Regions: E=young(eden), S=young(survivor), O=old, HS=humongous(starts), HC=humongous(continues), CS=collection set, F=free, TAMS=top-at-mark-start, PB=parsable bottom
|   0|0x0000000080000000, 0x0000000080100000, 0x0000000080100000|100%| O|  |TAMS 0x0000000080100000| PB 0x0000000080000000| Untracked 
|   1|0x0000000080100000, 0x0000000080200000, 0x0000000080200000|100%|HS|  |TAMS 0x0000000080200000| PB 0x0000000080100000| Complete 
|   2|0x0000000080200000, 0x0000000080300000, 0x0000000080300000|100%|HC|  |TAMS 0x0000000080300000| PB 0x0000000080200000| Complete 
|   3|0x0000000080300000, 0x0000000080400000, 0x0000000080400000|100%|HC|  |TAMS 0x0000000080400000| PB 0x0000000080300000| Complete 
|   4|0x0000000080400000, 0x0000000080500000, 0x0000000080500000|100%|HC|  |TAMS 0x0000000080500000| PB 0x0000000080400000| Complete 
|   5|0x0000000080500000, 0x0000000080600000, 0x0000000080600000|100%| O|  |TAMS 0x0000000080600000| PB 0x0000000080500000| Untracked 
|   6|0x0000000080600000, 0x0000000080700000, 0x0000000080700000|100%| O|  |TAMS 0x0000000080700000| PB 0x0000000080600000| Untracked 
|   7|0x0000000080700000, 0x0000000080800000, 0x0000000080800000|100%| O|  |TAMS 0x0000000080800000| PB 0x0000000080700000| Untracked 
|   8|0x0000000080800000, 0x0000000080900000, 0x0000000080900000|100%| O|  |TAMS 0x0000000080900000| PB 0x0000000080800000| Untracked 
|   9|0x0000000080900000, 0x0000000080a00000, 0x0000000080a00000|100%| O|  |TAMS 0x0000000080a00000| PB 0x0000000080900000| Untracked 
|  10|0x0000000080a00000, 0x0000000080b00000, 0x0000000080b00000|100%| O|  |TAMS 0x0000000080b00000| PB 0x0000000080a00000| Untracked 
|  11|0x0000000080b00000, 0x0000000080c00000, 0x0000000080c00000|100%| O|  |TAMS 0x0000000080c00000| PB 0x0000000080b00000| Untracked 
|  12|0x0000000080c00000, 0x0000000080d00000, 0x0000000080d00000|100%| O|  |TAMS 0x0000000080d00000| PB 0x0000000080c00000| Untracked 
|  13|0x0000000080d00000, 0x0000000080e00000, 0x0000000080e00000|100%| O|  |TAMS 0x0000000080e00000| PB 0x0000000080d00000| Untracked 
|  14|0x0000000080e00000, 0x0000000080f00000, 0x0000000080f00000|100%| O|  |TAMS 0x0000000080f00000| PB 0x0000000080e00000| Untracked 
|  15|0x0000000080f00000, 0x0000000081000000, 0x0000000081000000|100%| O|  |TAMS 0x0000000081000000| PB 0x0000000080f00000| Untracked 
|  16|0x0000000081000000, 0x0000000081100000, 0x0000000081100000|100%| O|  |TAMS 0x0000000081100000| PB 0x0000000081000000| Untracked 
|  17|0x0000000081100000, 0x0000000081200000, 0x0000000081200000|100%| O|  |TAMS 0x0000000081200000| PB 0x0000000081100000| Untracked 
|  18|0x0000000081200000, 0x0000000081300000, 0x0000000081300000|100%| O|  |TAMS 0x0000000081300000| PB 0x0000000081200000| Untracked 
|  19|0x0000000081300000, 0x0000000081400000, 0x0000000081400000|100%| O|  |TAMS 0x0000000081400000| PB 0x0000000081300000| Untracked 
|  20|0x0000000081400000, 0x0000000081400000, 0x0000000081500000|  0%| F|  |TAMS 0x0000000081400000| PB 0x0000000081400000| Untracked 
|  21|0x0000000081500000, 0x0000000081600000, 0x0000000081600000|100%|HS|  |TAMS 0x0000000081600000| PB 0x0000000081500000| Complete 
|  22|0x0000000081600000, 0x0000000081700000, 0x0000000081700000|100%|HC|  |TAMS 0x0000000081700000| PB 0x0000000081600000| Complete 
|  23|0x0000000081700000, 0x0000000081800000, 0x0000000081800000|100%|HC|  |TAMS 0x0000000081800000| PB 0x0000000081700000| Complete 
|  24|0x0000000081800000, 0x0000000081900000, 0x0000000081900000|100%|HC|  |TAMS 0x0000000081900000| PB 0x0000000081800000| Complete 
|  25|0x0000000081900000, 0x0000000081a00000, 0x0000000081a00000|100%|HC|  |TAMS 0x0000000081a00000| PB 0x0000000081900000| Complete 
|  26|0x0000000081a00000, 0x0000000081b00000, 0x0000000081b00000|100%|HC|  |TAMS 0x0000000081b00000| PB 0x0000000081a00000| Complete 
|  27|0x0000000081b00000, 0x0000000081c00000, 0x0000000081c00000|100%|HS|  |TAMS 0x0000000081c00000| PB 0x0000000081b00000| Complete 
|  28|0x0000000081c00000, 0x0000000081d00000, 0x0000000081d00000|100%|HS|  |TAMS 0x0000000081d00000| PB 0x0000000081c00000| Complete 
|  29|0x0000000081d00000, 0x0000000081e00000, 0x0000000081e00000|100%|HS|  |TAMS 0x0000000081e00000| PB 0x0000000081d00000| Complete 
|  30|0x0000000081e00000, 0x0000000081f00000, 0x0000000081f00000|100%|HC|  |TAMS 0x0000000081f00000| PB 0x0000000081e00000| Complete 
|  31|0x0000000081f00000, 0x0000000082000000, 0x0000000082000000|100%|HC|  |TAMS 0x0000000082000000| PB 0x0000000081f00000| Complete 
|  32|0x0000000082000000, 0x0000000082100000, 0x0000000082100000|100%|HC|  |TAMS 0x0000000082100000| PB 0x0000000082000000| Complete 
|  33|0x0000000082100000, 0x0000000082200000, 0x0000000082200000|100%|HC|  |TAMS 0x0000000082200000| PB 0x0000000082100000| Complete 
|  34|0x0000000082200000, 0x0000000082300000, 0x0000000082300000|100%|HC|  |TAMS 0x0000000082300000| PB 0x0000000082200000| Complete 
|  35|0x0000000082300000, 0x0000000082400000, 0x0000000082400000|100%|HS|  |TAMS 0x0000000082400000| PB 0x0000000082300000| Complete 
|  36|0x0000000082400000, 0x0000000082500000, 0x0000000082500000|100%|HS|  |TAMS 0x0000000082500000| PB 0x0000000082400000| Complete 
|  37|0x0000000082500000, 0x0000000082600000, 0x0000000082600000|100%| O|  |TAMS 0x0000000082600000| PB 0x0000000082500000| Untracked 
|  38|0x0000000082600000, 0x0000000082700000, 0x0000000082700000|100%| O|  |TAMS 0x0000000082700000| PB 0x0000000082600000| Untracked 
|  39|0x0000000082700000, 0x0000000082800000, 0x0000000082800000|100%| O|  |TAMS 0x0000000082800000| PB 0x0000000082700000| Untracked 
|  40|0x0000000082800000, 0x0000000082900000, 0x0000000082900000|100%| O|  |TAMS 0x0000000082900000| PB 0x0000000082800000| Untracked 
|  41|0x0000000082900000, 0x0000000082a00000, 0x0000000082a00000|100%| O|  |TAMS 0x0000000082a00000| PB 0x0000000082900000| Untracked 
|  42|0x0000000082a00000, 0x0000000082b00000, 0x0000000082b00000|100%| O|  |TAMS 0x0000000082b00000| PB 0x0000000082a00000| Untracked 
|  43|0x0000000082b00000, 0x0000000082b8e158, 0x0000000082c00000| 55%| O|  |TAMS 0x0000000082b8e158| PB 0x0000000082b00000| Untracked 
|  44|0x0000000082c00000, 0x0000000082c00000, 0x0000000082d00000|  0%| F|  |TAMS 0x0000000082c00000| PB 0x0000000082c00000| Untracked 
|  45|0x0000000082d00000, 0x0000000082d00000, 0x0000000082e00000|  0%| F|  |TAMS 0x0000000082d00000| PB 0x0000000082d00000| Untracked 
|  46|0x0000000082e00000, 0x0000000082e00000, 0x0000000082f00000|  0%| F|  |TAMS 0x0000000082e00000| PB 0x0000000082e00000| Untracked 
|  47|0x0000000082f00000, 0x0000000082f00000, 0x0000000083000000|  0%| F|  |TAMS 0x0000000082f00000| PB 0x0000000082f00000| Untracked 
|  48|0x0000000083000000, 0x0000000083000000, 0x0000000083100000|  0%| F|  |TAMS 0x0000000083000000| PB 0x0000000083000000| Untracked 
|  49|0x0000000083100000, 0x0000000083100000, 0x0000000083200000|  0%| F|  |TAMS 0x0000000083100000| PB 0x0000000083100000| Untracked 
|  50|0x0000000083200000, 0x0000000083200000, 0x0000000083300000|  0%| F|  |TAMS 0x0000000083200000| PB 0x0000000083200000| Untracked 
|  51|0x0000000083300000, 0x0000000083300000, 0x0000000083400000|  0%| F|  |TAMS 0x0000000083300000| PB 0x0000000083300000| Untracked 
|  52|0x0000000083400000, 0x0000000083400000, 0x0000000083500000|  0%| F|  |TAMS 0x0000000083400000| PB 0x0000000083400000| Untracked 
|  53|0x0000000083500000, 0x0000000083500000, 0x0000000083600000|  0%| F|  |TAMS 0x0000000083500000| PB 0x0000000083500000| Untracked 
|  54|0x0000000083600000, 0x0000000083600000, 0x0000000083700000|  0%| F|  |TAMS 0x0000000083600000| PB 0x0000000083600000| Untracked 
|  55|0x0000000083700000, 0x00000000837b56d0, 0x0000000083800000| 70%| S|CS|TAMS 0x0000000083700000| PB 0x0000000083700000| Complete 
|  56|0x0000000083800000, 0x0000000083900000, 0x0000000083900000|100%| S|CS|TAMS 0x0000000083800000| PB 0x0000000083800000| Complete 
|  57|0x0000000083900000, 0x0000000083a00000, 0x0000000083a00000|100%| S|CS|TAMS 0x0000000083900000| PB 0x0000000083900000| Complete 
|  58|0x0000000083a00000, 0x0000000083a00000, 0x0000000083b00000|  0%| F|  |TAMS 0x0000000083a00000| PB 0x0000000083a00000| Untracked 
|  59|0x0000000083b00000, 0x0000000083b00000, 0x0000000083c00000|  0%| F|  |TAMS 0x0000000083b00000| PB 0x0000000083b00000| Untracked 
|  60|0x0000000083c00000, 0x0000000083c00000, 0x0000000083d00000|  0%| F|  |TAMS 0x0000000083c00000| PB 0x0000000083c00000| Untracked 
|  61|0x0000000083d00000, 0x0000000083d00000, 0x0000000083e00000|  0%| F|  |TAMS 0x0000000083d00000| PB 0x0000000083d00000| Untracked 
|  62|0x0000000083e00000, 0x0000000083e00000, 0x0000000083f00000|  0%| F|  |TAMS 0x0000000083e00000| PB 0x0000000083e00000| Untracked 
|  63|0x0000000083f00000, 0x0000000083f00000, 0x0000000084000000|  0%| F|  |TAMS 0x0000000083f00000| PB 0x0000000083f00000| Untracked 
|  64|0x0000000084000000, 0x0000000084000000, 0x0000000084100000|  0%| F|  |TAMS 0x0000000084000000| PB 0x0000000084000000| Untracked 
|  65|0x0000000084100000, 0x0000000084100000, 0x0000000084200000|  0%| F|  |TAMS 0x0000000084100000| PB 0x0000000084100000| Untracked 
|  66|0x0000000084200000, 0x0000000084200000, 0x0000000084300000|  0%| F|  |TAMS 0x0000000084200000| PB 0x0000000084200000| Untracked 
|  67|0x0000000084300000, 0x0000000084300000, 0x0000000084400000|  0%| F|  |TAMS 0x0000000084300000| PB 0x0000000084300000| Untracked 
|  68|0x0000000084400000, 0x0000000084400000, 0x0000000084500000|  0%| F|  |TAMS 0x0000000084400000| PB 0x0000000084400000| Untracked 
|  69|0x0000000084500000, 0x0000000084500000, 0x0000000084600000|  0%| F|  |TAMS 0x0000000084500000| PB 0x0000000084500000| Untracked 
|  70|0x0000000084600000, 0x0000000084600000, 0x0000000084700000|  0%| F|  |TAMS 0x0000000084600000| PB 0x0000000084600000| Untracked 
|  71|0x0000000084700000, 0x0000000084700000, 0x0000000084800000|  0%| F|  |TAMS 0x0000000084700000| PB 0x0000000084700000| Untracked 
|  72|0x0000000084800000, 0x0000000084800000, 0x0000000084900000|  0%| F|  |TAMS 0x0000000084800000| PB 0x0000000084800000| Untracked 
|  73|0x0000000084900000, 0x0000000084900000, 0x0000000084a00000|  0%| F|  |TAMS 0x0000000084900000| PB 0x0000000084900000| Untracked 
|  74|0x0000000084a00000, 0x0000000084a00000, 0x0000000084b00000|  0%| F|  |TAMS 0x0000000084a00000| PB 0x0000000084a00000| Untracked 
|  75|0x0000000084b00000, 0x0000000084b00000, 0x0000000084c00000|  0%| F|  |TAMS 0x0000000084b00000| PB 0x0000000084b00000| Untracked 
|  76|0x0000000084c00000, 0x0000000084c00000, 0x0000000084d00000|  0%| F|  |TAMS 0x0000000084c00000| PB 0x0000000084c00000| Untracked 
|  77|0x0000000084d00000, 0x0000000084d00000, 0x0000000084e00000|  0%| F|  |TAMS 0x0000000084d00000| PB 0x0000000084d00000| Untracked 
|  78|0x0000000084e00000, 0x0000000084ecd9e0, 0x0000000084f00000| 80%| E|  |TAMS 0x0000000084e00000| PB 0x0000000084e00000| Complete 
|  79|0x0000000084f00000, 0x0000000085000000, 0x0000000085000000|100%| E|CS|TAMS 0x0000000084f00000| PB 0x0000000084f00000| Complete 
| 106|0x0000000086a00000, 0x0000000086b00000, 0x0000000086b00000|100%| E|CS|TAMS 0x0000000086a00000| PB 0x0000000086a00000| Complete 
| 107|0x0000000086b00000, 0x0000000086c00000, 0x0000000086c00000|100%| E|CS|TAMS 0x0000000086b00000| PB 0x0000000086b00000| Complete 
| 127|0x0000000087f00000, 0x0000000088000000, 0x0000000088000000|100%| E|CS|TAMS 0x0000000087f00000| PB 0x0000000087f00000| Complete 
|2043|0x00000000ffb00000, 0x00000000ffc00000, 0x00000000ffc00000|100%| O|  |TAMS 0x00000000ffc00000| PB 0x00000000ffb00000| Untracked 
|2044|0x00000000ffc00000, 0x00000000ffd00000, 0x00000000ffd00000|100%| O|  |TAMS 0x00000000ffd00000| PB 0x00000000ffc00000| Untracked 
|2045|0x00000000ffd00000, 0x00000000ffe00000, 0x00000000ffe00000|100%| O|  |TAMS 0x00000000ffe00000| PB 0x00000000ffd00000| Untracked 
|2046|0x00000000ffe00000, 0x00000000fff00000, 0x00000000fff00000|100%| O|  |TAMS 0x00000000fff00000| PB 0x00000000ffe00000| Untracked 
|2047|0x00000000fff00000, 0x0000000100000000, 0x0000000100000000|100%| O|  |TAMS 0x0000000100000000| PB 0x00000000fff00000| Untracked 

Card table byte_map: [0x000001a1f2a50000,0x000001a1f2e50000] _byte_map_base: 0x000001a1f2650000

Marking Bits: (CMBitMap*) 0x000001a1e9f65f70
 Bits: [0x000001a1f2e50000, 0x000001a1f4e50000)

Polling page: 0x000001a1e7cb0000

Metaspace:

Usage:
  Non-class:     26.54 MB used.
      Class:      4.78 MB used.
       Both:     31.32 MB used.

Virtual space:
  Non-class space:       64.00 MB reserved,      27.19 MB ( 42%) committed,  1 nodes.
      Class space:        1.00 GB reserved,       5.38 MB ( <1%) committed,  1 nodes.
             Both:        1.06 GB reserved,      32.56 MB (  3%) committed. 

Chunk freelists:
   Non-Class:  4.53 MB
       Class:  10.67 MB
        Both:  15.20 MB

MaxMetaspaceSize: unlimited
CompressedClassSpaceSize: 1.00 GB
Initial GC threshold: 21.00 MB
Current GC threshold: 35.12 MB
CDS: on
 - commit_granule_bytes: 65536.
 - commit_granule_words: 8192.
 - virtual_space_node_default_size: 8388608.
 - enlarge_chunks_in_place: 1.
 - use_allocation_guard: 0.


Internal statistics:

num_allocs_failed_limit: 3.
num_arena_births: 2128.
num_arena_deaths: 0.
num_vsnodes_births: 2.
num_vsnodes_deaths: 0.
num_space_committed: 521.
num_space_uncommitted: 0.
num_chunks_returned_to_freelist: 3.
num_chunks_taken_from_freelist: 3660.
num_chunk_merges: 3.
num_chunk_splits: 2314.
num_chunks_enlarged: 1389.
num_inconsistent_stats: 0.

CodeHeap 'non-profiled nmethods': size=120000Kb used=2423Kb max_used=2423Kb free=117576Kb
 bounds [0x000001a187ad0000, 0x000001a187d40000, 0x000001a18f000000]
CodeHeap 'profiled nmethods': size=120000Kb used=7872Kb max_used=7872Kb free=112127Kb
 bounds [0x000001a180000000, 0x000001a1807c0000, 0x000001a187530000]
CodeHeap 'non-nmethods': size=5760Kb used=1442Kb max_used=1474Kb free=4317Kb
 bounds [0x000001a187530000, 0x000001a1877a0000, 0x000001a187ad0000]
CodeCache: size=245760Kb, used=11737Kb, max_used=11769Kb, free=234020Kb
 total_blobs=4526, nmethods=3932, adapters=497, full_count=0
Compilation: enabled, stopped_count=0, restarted_count=0

Compilation events (20 events):
Event: 5.264 Thread 0x000001a1f7328c10 3907       3       java.lang.WeakPairMap$Pair$Weak::second (8 bytes)
Event: 5.265 Thread 0x000001a1f7328c10 nmethod 3907 0x000001a1807a2890 code [0x000001a1807a2a40, 0x000001a1807a2c10]
Event: 5.265 Thread 0x000001a1f75e3150 3908       4       jdk.internal.org.objectweb.asm.MethodWriter::visitLabel (330 bytes)
Event: 5.277 Thread 0x000001a1f7328c10 3909       3       jdk.internal.org.objectweb.asm.SymbolTable$Entry::<init> (18 bytes)
Event: 5.277 Thread 0x000001a1f7328c10 nmethod 3909 0x000001a1807a2d10 code [0x000001a1807a2ec0, 0x000001a1807a3038]
Event: 5.278 Thread 0x000001a1f7328c10 3910       3       java.util.TreeMap$ValueIterator::next (8 bytes)
Event: 5.278 Thread 0x000001a1f7328c10 nmethod 3910 0x000001a1807a3110 code [0x000001a1807a32c0, 0x000001a1807a3400]
Event: 5.278 Thread 0x000001a1f7328c10 3911       3       org.gradle.internal.instantiation.generator.AbstractClassGenerator$ClassMetadata::property (42 bytes)
Event: 5.278 Thread 0x000001a1f7328c10 nmethod 3911 0x000001a1807a3510 code [0x000001a1807a3700, 0x000001a1807a3bf8]
Event: 5.279 Thread 0x000001a1f7328c10 3912       3       org.gradle.internal.instantiation.generator.AbstractClassGenerator::access$2300 (5 bytes)
Event: 5.279 Thread 0x000001a1f7328c10 nmethod 3912 0x000001a1807a3d90 code [0x000001a1807a3f40, 0x000001a1807a4058]
Event: 5.280 Thread 0x000001a1f7328c10 3913       3       org.gradle.internal.instantiation.generator.AbstractClassGenerator::access$1500 (5 bytes)
Event: 5.280 Thread 0x000001a1f7328c10 nmethod 3913 0x000001a1807a4110 code [0x000001a1807a42c0, 0x000001a1807a43d8]
Event: 5.288 Thread 0x000001a1f75e3150 nmethod 3908 0x000001a187d2a010 code [0x000001a187d2a200, 0x000001a187d2b060]
Event: 5.293 Thread 0x000001a1f7328c10 3914       3       java.util.concurrent.locks.ReentrantLock::tryLock (8 bytes)
Event: 5.293 Thread 0x000001a1f7328c10 nmethod 3914 0x000001a1807a4490 code [0x000001a1807a4640, 0x000001a1807a4788]
Event: 5.293 Thread 0x000001a1f7328c10 3915       3       java.util.concurrent.locks.ReentrantLock$Sync::tryLock (63 bytes)
Event: 5.293 Thread 0x000001a1f7328c10 nmethod 3915 0x000001a1807a4890 code [0x000001a1807a4a80, 0x000001a1807a4e98]
Event: 5.295 Thread 0x000001a1f73279d0 3916       4       java.lang.invoke.MethodType::insertParameterTypes (121 bytes)
Event: 5.295 Thread 0x000001a1f7328c10 3917       3       java.lang.ClassLoader::getClassLoadingLock (35 bytes)

GC Heap History (16 events):
Event: 0.380 GC heap before
{Heap before GC invocations=0 (full 0):
 garbage-first heap   total 131072K, used 13312K [0x0000000080000000, 0x0000000100000000)
  region size 1024K, 13 young (13312K), 0 survivors (0K)
 Metaspace       used 1007K, committed 1152K, reserved 1114112K
  class space    used 83K, committed 128K, reserved 1048576K
}
Event: 0.384 GC heap after
{Heap after GC invocations=1 (full 0):
 garbage-first heap   total 131072K, used 2688K [0x0000000080000000, 0x0000000100000000)
  region size 1024K, 2 young (2048K), 2 survivors (2048K)
 Metaspace       used 1007K, committed 1152K, reserved 1114112K
  class space    used 83K, committed 128K, reserved 1048576K
}
Event: 0.898 GC heap before
{Heap before GC invocations=1 (full 0):
 garbage-first heap   total 131072K, used 27264K [0x0000000080000000, 0x0000000100000000)
  region size 1024K, 23 young (23552K), 2 survivors (2048K)
 Metaspace       used 4115K, committed 4352K, reserved 1114112K
  class space    used 512K, committed 640K, reserved 1048576K
}
Event: 0.903 GC heap after
{Heap after GC invocations=2 (full 0):
 garbage-first heap   total 131072K, used 10796K [0x0000000080000000, 0x0000000100000000)
  region size 1024K, 3 young (3072K), 3 survivors (3072K)
 Metaspace       used 4115K, committed 4352K, reserved 1114112K
  class space    used 512K, committed 640K, reserved 1048576K
}
Event: 1.244 GC heap before
{Heap before GC invocations=2 (full 0):
 garbage-first heap   total 131072K, used 36396K [0x0000000080000000, 0x0000000100000000)
  region size 1024K, 28 young (28672K), 3 survivors (3072K)
 Metaspace       used 4238K, committed 4480K, reserved 1114112K
  class space    used 515K, committed 640K, reserved 1048576K
}
Event: 1.248 GC heap after
{Heap after GC invocations=3 (full 0):
 garbage-first heap   total 131072K, used 14908K [0x0000000080000000, 0x0000000100000000)
  region size 1024K, 4 young (4096K), 4 survivors (4096K)
 Metaspace       used 4238K, committed 4480K, reserved 1114112K
  class space    used 515K, committed 640K, reserved 1048576K
}
Event: 2.793 GC heap before
{Heap before GC invocations=3 (full 0):
 garbage-first heap   total 131072K, used 87612K [0x0000000080000000, 0x0000000100000000)
  region size 1024K, 76 young (77824K), 4 survivors (4096K)
 Metaspace       used 18153K, committed 18688K, reserved 1114112K
  class space    used 2568K, committed 2816K, reserved 1048576K
}
Event: 2.802 GC heap after
{Heap after GC invocations=4 (full 0):
 garbage-first heap   total 131072K, used 21274K [0x0000000080000000, 0x0000000100000000)
  region size 1024K, 10 young (10240K), 10 survivors (10240K)
 Metaspace       used 18153K, committed 18688K, reserved 1114112K
  class space    used 2568K, committed 2816K, reserved 1048576K
}
Event: 3.388 GC heap before
{Heap before GC invocations=4 (full 0):
 garbage-first heap   total 131072K, used 40730K [0x0000000080000000, 0x0000000100000000)
  region size 1024K, 30 young (30720K), 10 survivors (10240K)
 Metaspace       used 20892K, committed 21504K, reserved 1114112K
  class space    used 3027K, committed 3328K, reserved 1048576K
}
Event: 3.401 GC heap after
{Heap after GC invocations=5 (full 0):
 garbage-first heap   total 131072K, used 23229K [0x0000000080000000, 0x0000000100000000)
  region size 1024K, 2 young (2048K), 2 survivors (2048K)
 Metaspace       used 20892K, committed 21504K, reserved 1114112K
  class space    used 3027K, committed 3328K, reserved 1048576K
}
Event: 4.361 GC heap before
{Heap before GC invocations=6 (full 0):
 garbage-first heap   total 78848K, used 77501K [0x0000000080000000, 0x0000000100000000)
  region size 1024K, 40 young (40960K), 2 survivors (2048K)
 Metaspace       used 25036K, committed 25920K, reserved 1114112K
  class space    used 3744K, committed 4160K, reserved 1048576K
}
Event: 4.367 GC heap after
{Heap after GC invocations=7 (full 0):
 garbage-first heap   total 90112K, used 48701K [0x0000000080000000, 0x0000000100000000)
  region size 1024K, 6 young (6144K), 6 survivors (6144K)
 Metaspace       used 25036K, committed 25920K, reserved 1114112K
  class space    used 3744K, committed 4160K, reserved 1048576K
}
Event: 4.736 GC heap before
{Heap before GC invocations=7 (full 0):
 garbage-first heap   total 90112K, used 73277K [0x0000000080000000, 0x0000000100000000)
  region size 1024K, 30 young (30720K), 6 survivors (6144K)
 Metaspace       used 27858K, committed 28864K, reserved 1114112K
  class space    used 4210K, committed 4672K, reserved 1048576K
}
Event: 4.740 GC heap after
{Heap after GC invocations=8 (full 0):
 garbage-first heap   total 90112K, used 49986K [0x0000000080000000, 0x0000000100000000)
  region size 1024K, 2 young (2048K), 2 survivors (2048K)
 Metaspace       used 27858K, committed 28864K, reserved 1114112K
  class space    used 4210K, committed 4672K, reserved 1048576K
}
Event: 5.257 GC heap before
{Heap before GC invocations=8 (full 0):
 garbage-first heap   total 90112K, used 75586K [0x0000000080000000, 0x0000000100000000)
  region size 1024K, 27 young (27648K), 2 survivors (2048K)
 Metaspace       used 31340K, committed 32576K, reserved 1114112K
  class space    used 4781K, committed 5376K, reserved 1048576K
}
Event: 5.262 GC heap after
{Heap after GC invocations=9 (full 0):
 garbage-first heap   total 90112K, used 51470K [0x0000000080000000, 0x0000000100000000)
  region size 1024K, 3 young (3072K), 3 survivors (3072K)
 Metaspace       used 31340K, committed 32576K, reserved 1114112K
  class space    used 4781K, committed 5376K, reserved 1048576K
}

Dll operation events (20 events):
Event: 0.105 Attempting to load shared library C:\Users\peter\.jdks\ms-21.0.12.1\bin\nio.dll
Event: 0.106 Loaded shared library C:\Users\peter\.jdks\ms-21.0.12.1\bin\nio.dll
Event: 0.111 Attempting to load shared library C:\Users\peter\.jdks\ms-21.0.12.1\bin\zip.dll
Event: 0.111 Loaded shared library C:\Users\peter\.jdks\ms-21.0.12.1\bin\zip.dll
Event: 0.338 Attempting to load shared library C:\Users\peter\.jdks\ms-21.0.12.1\bin\jimage.dll
Event: 0.338 Loaded shared library C:\Users\peter\.jdks\ms-21.0.12.1\bin\jimage.dll
Event: 0.408 Attempting to load shared library C:\Users\peter\.jdks\ms-21.0.12.1\bin\verify.dll
Event: 0.409 Loaded shared library C:\Users\peter\.jdks\ms-21.0.12.1\bin\verify.dll
Event: 0.564 Attempting to load shared library C:\Users\peter\.gradle\native\c067742578af261105cb4f569cf0c3c89f3d7b1fecec35dd04571415982c5e48\windows-amd64\native-platform.dll
Event: 0.565 Loaded shared library C:\Users\peter\.gradle\native\c067742578af261105cb4f569cf0c3c89f3d7b1fecec35dd04571415982c5e48\windows-amd64\native-platform.dll
Event: 0.570 Attempting to load shared library C:\Users\peter\.gradle\native\38dada09dfb8b06ba9b0570ebf7e218e3eb74d4ef43ca46872605cf95ebc2f47\windows-amd64\native-platform-file-events.dll
Event: 0.579 Loaded shared library C:\Users\peter\.gradle\native\38dada09dfb8b06ba9b0570ebf7e218e3eb74d4ef43ca46872605cf95ebc2f47\windows-amd64\native-platform-file-events.dll
Event: 1.511 Attempting to load shared library C:\Users\peter\.jdks\ms-21.0.12.1\bin\management.dll
Event: 1.512 Loaded shared library C:\Users\peter\.jdks\ms-21.0.12.1\bin\management.dll
Event: 1.515 Attempting to load shared library C:\Users\peter\.jdks\ms-21.0.12.1\bin\management_ext.dll
Event: 1.516 Loaded shared library C:\Users\peter\.jdks\ms-21.0.12.1\bin\management_ext.dll
Event: 1.709 Attempting to load shared library C:\Users\peter\.jdks\ms-21.0.12.1\bin\extnet.dll
Event: 1.710 Loaded shared library C:\Users\peter\.jdks\ms-21.0.12.1\bin\extnet.dll
Event: 1.852 Attempting to load shared library C:\Users\peter\.jdks\ms-21.0.12.1\bin\sunmscapi.dll
Event: 1.854 Loaded shared library C:\Users\peter\.jdks\ms-21.0.12.1\bin\sunmscapi.dll

Deoptimization events (20 events):
Event: 4.978 Thread 0x000001a1fc445740 DEOPT PACKING pc=0x000001a187cf8d98 sp=0x00000089f9bf7dd0
Event: 4.978 Thread 0x000001a1fc445740 DEOPT UNPACKING pc=0x000001a187584422 sp=0x00000089f9bf7d68 mode 2
Event: 4.978 Thread 0x000001a1fc445740 Uncommon trap: trap_request=0xffffffc6 fr.pc=0x000001a187cf8d98 relative=0x0000000000000238
Event: 4.978 Thread 0x000001a1fc445740 Uncommon trap: reason=bimorphic_or_optimized_type_check action=maybe_recompile pc=0x000001a187cf8d98 method=java.util.regex.Pattern$BmpCharProperty.match(Ljava/util/regex/Matcher;ILjava/lang/CharSequence;)Z @ 19 c2
Event: 4.978 Thread 0x000001a1fc445740 DEOPT PACKING pc=0x000001a187cf8d98 sp=0x00000089f9bf7dd0
Event: 4.978 Thread 0x000001a1fc445740 DEOPT UNPACKING pc=0x000001a187584422 sp=0x00000089f9bf7d68 mode 2
Event: 5.157 Thread 0x000001a1fc445740 DEOPT PACKING pc=0x000001a1803eb09f sp=0x00000089f9bf7fb0
Event: 5.157 Thread 0x000001a1fc445740 DEOPT UNPACKING pc=0x000001a187584bc2 sp=0x00000089f9bf7488 mode 0
Event: 5.246 Thread 0x000001a1fc445740 Uncommon trap: trap_request=0xffffff45 fr.pc=0x000001a187cc3950 relative=0x0000000000005cd0
Event: 5.246 Thread 0x000001a1fc445740 Uncommon trap: reason=unstable_if action=reinterpret pc=0x000001a187cc3950 method=java.lang.ClassLoader.getClassLoadingLock(Ljava/lang/String;)Ljava/lang/Object; @ 6 c2
Event: 5.246 Thread 0x000001a1fc445740 DEOPT PACKING pc=0x000001a187cc3950 sp=0x00000089f9bf7240
Event: 5.246 Thread 0x000001a1fc445740 DEOPT UNPACKING pc=0x000001a187584422 sp=0x00000089f9bf7250 mode 2
Event: 5.247 Thread 0x000001a1fc445740 Uncommon trap: trap_request=0xffffff45 fr.pc=0x000001a187bd6818 relative=0x00000000000000f8
Event: 5.247 Thread 0x000001a1fc445740 Uncommon trap: reason=unstable_if action=reinterpret pc=0x000001a187bd6818 method=java.lang.ClassLoader.getClassLoadingLock(Ljava/lang/String;)Ljava/lang/Object; @ 6 c2
Event: 5.247 Thread 0x000001a1fc445740 DEOPT PACKING pc=0x000001a187bd6818 sp=0x00000089f9bf7500
Event: 5.247 Thread 0x000001a1fc445740 DEOPT UNPACKING pc=0x000001a187584422 sp=0x00000089f9bf7490 mode 2
Event: 5.247 Thread 0x000001a1fc445740 Uncommon trap: trap_request=0xffffff45 fr.pc=0x000001a187c7d728 relative=0x0000000000000888
Event: 5.247 Thread 0x000001a1fc445740 Uncommon trap: reason=unstable_if action=reinterpret pc=0x000001a187c7d728 method=java.lang.Class.getPackageName()Ljava/lang/String; @ 55 c2
Event: 5.247 Thread 0x000001a1fc445740 DEOPT PACKING pc=0x000001a187c7d728 sp=0x00000089f9bf88f0
Event: 5.247 Thread 0x000001a1fc445740 DEOPT UNPACKING pc=0x000001a187584422 sp=0x00000089f9bf88c0 mode 2

Classes loaded (20 events):
Event: 5.143 Loading class java/nio/file/FileVisitResult
Event: 5.143 Loading class java/nio/file/FileVisitResult done
Event: 5.170 Loading class java/util/stream/IntStream
Event: 5.170 Loading class java/util/stream/IntStream done
Event: 5.170 Loading class java/util/stream/Streams$RangeIntSpliterator
Event: 5.171 Loading class java/util/stream/Streams$RangeIntSpliterator done
Event: 5.171 Loading class java/util/stream/IntPipeline$Head
Event: 5.171 Loading class java/util/stream/IntPipeline
Event: 5.172 Loading class java/util/stream/IntPipeline done
Event: 5.172 Loading class java/util/stream/IntPipeline$Head done
Event: 5.264 Loading class java/beans/Transient
Event: 5.264 Loading class java/beans/Transient done
Event: 5.283 Loading class java/util/stream/IntPipeline$1
Event: 5.288 Loading class java/util/stream/IntPipeline$1 done
Event: 5.288 Loading class java/util/stream/IntPipeline$1$1
Event: 5.288 Loading class java/util/stream/Sink$ChainedInt
Event: 5.289 Loading class java/util/stream/Sink$OfInt
Event: 5.289 Loading class java/util/stream/Sink$OfInt done
Event: 5.289 Loading class java/util/stream/Sink$ChainedInt done
Event: 5.289 Loading class java/util/stream/IntPipeline$1$1 done

Classes unloaded (0 events):
No events

Classes redefined (0 events):
No events

Internal exceptions (20 events):
Event: 4.567 Thread 0x000001a1fc445740 Exception <a 'java/lang/NoSuchMethodError'{0x00000000840e1920}: 'java.lang.Object java.lang.invoke.DirectMethodHandle$Holder.invokeSpecial(java.lang.Object, java.lang.Object, java.lang.Object, java.lang.Object, java.lang.Object, java.lang.Object, java.lang.Object, java.lang.Object, java.lang.Object, java.lang.Object, java.lang.Object, java.lang.Object, java.lang.Object, java.lang.Object)'> (0x00000000840e1920) 
thrown [s\src\hotspot\share\interpreter\linkResolver.cpp, line 773]
Event: 4.567 Thread 0x000001a1fc445740 Exception <a 'java/lang/NoSuchMethodError'{0x00000000840e6bd0}: 'java.lang.Object java.lang.invoke.DelegatingMethodHandle$Holder.reinvoke_L(java.lang.Object, java.lang.Object, java.lang.Object, java.lang.Object, java.lang.Object, java.lang.Object, java.lang.Object, java.lang.Object, java.lang.Object, java.lang.Object, java.lang.Object, java.lang.Object, java.lang.Object)'> (0x00000000840e6bd0) 
thrown [s\src\hotspot\share\interpreter\linkResolver.cpp, line 773]
Event: 4.649 Thread 0x000001a1fc445740 Implicit null exception at 0x000001a187b554ba to 0x000001a187b55728
Event: 4.704 Thread 0x000001a1fc445740 Exception <a 'java/lang/NoSuchMethodError'{0x0000000083634028}: 'java.lang.Object java.lang.invoke.DirectMethodHandle$Holder.newInvokeSpecial(java.lang.Object, java.lang.Object, int, int)'> (0x0000000083634028) 
thrown [s\src\hotspot\share\interpreter\linkResolver.cpp, line 773]
Event: 4.712 Thread 0x000001a1fc445740 Exception <a 'java/lang/NoSuchMethodError'{0x00000000836702b0}: 'void java.lang.invoke.DirectMethodHandle$Holder.invokeSpecial(java.lang.Object, java.lang.Object, int)'> (0x00000000836702b0) 
thrown [s\src\hotspot\share\interpreter\linkResolver.cpp, line 773]
Event: 4.713 Thread 0x000001a1fc445740 Exception <a 'java/lang/NoSuchMethodError'{0x0000000083674b00}: 'void java.lang.invoke.Invokers$Holder.invokeExact_MT(java.lang.Object, int, java.lang.Object)'> (0x0000000083674b00) 
thrown [s\src\hotspot\share\interpreter\linkResolver.cpp, line 773]
Event: 4.800 Thread 0x000001a1fc445740 Exception <a 'java/lang/NoSuchMethodError'{0x0000000084e98658}: 'java.lang.Object java.lang.invoke.DirectMethodHandle$Holder.invokeStatic(java.lang.Object, java.lang.Object, java.lang.Object, java.lang.Object, java.lang.Object, java.lang.Object, java.lang.Object, java.lang.Object, java.lang.Object, java.lang.Object, java.lang.Object, java.lang.Object, java.lang.Object, java.lang.Object, java.lang.Object, java.lang.Object, java.lang.Object, java.lang.Object, java.lang.Object, java.lang.Object, java.lang.Obj
Event: 4.932 Thread 0x000001a1fc445740 Exception <a 'java/lang/NoSuchMethodError'{0x000000008461e500}: 'java.lang.Object java.lang.invoke.DirectMethodHandle$Holder.invokeVirtual(java.lang.Object, java.lang.Object, java.lang.Object, java.lang.Object, java.lang.Object, java.lang.Object, java.lang.Object, java.lang.Object, java.lang.Object, java.lang.Object, java.lang.Object, java.lang.Object, java.lang.Object, java.lang.Object, java.lang.Object, java.lang.Object, java.lang.Object, java.lang.Object, java.lang.Object, java.lang.Object, java.lang.Ob
Event: 4.932 Thread 0x000001a1fc445740 Exception <a 'java/lang/NoSuchMethodError'{0x000000008462bda0}: 'java.lang.Object java.lang.invoke.DelegatingMethodHandle$Holder.reinvoke_L(java.lang.Object, java.lang.Object, java.lang.Object, java.lang.Object, java.lang.Object, java.lang.Object, java.lang.Object, java.lang.Object, java.lang.Object, java.lang.Object, java.lang.Object, java.lang.Object, java.lang.Object, java.lang.Object, java.lang.Object, java.lang.Object, java.lang.Object, java.lang.Object, java.lang.Object, java.lang.Object, java.lang.O
Event: 4.948 Thread 0x000001a1fc445740 Exception <a 'java/lang/NoSuchMethodError'{0x0000000084508f60}: 'java.lang.Object java.lang.invoke.DirectMethodHandle$Holder.invokeStatic(java.lang.Object, java.lang.Object, java.lang.Object, java.lang.Object, java.lang.Object, java.lang.Object, java.lang.Object, java.lang.Object, java.lang.Object, java.lang.Object, java.lang.Object, java.lang.Object, java.lang.Object, java.lang.Object, java.lang.Object, java.lang.Object, java.lang.Object, java.lang.Object, java.lang.Object, java.lang.Object, java.lang.Obj
Event: 4.954 Thread 0x000001a1fc445740 Exception <a 'java/lang/NoSuchMethodError'{0x000000008454a580}: 'java.lang.Object java.lang.invoke.DirectMethodHandle$Holder.invokeStatic(java.lang.Object, java.lang.Object, java.lang.Object, java.lang.Object, java.lang.Object, java.lang.Object, java.lang.Object, java.lang.Object, java.lang.Object, java.lang.Object, java.lang.Object, java.lang.Object, java.lang.Object, java.lang.Object, java.lang.Object, java.lang.Object, java.lang.Object, java.lang.Object, java.lang.Object, java.lang.Object, java.lang.Obj
Event: 4.980 Thread 0x000001a1fc445740 Exception <a 'java/lang/NoSuchMethodError'{0x00000000844bece0}: 'java.lang.Object java.lang.invoke.DirectMethodHandle$Holder.newInvokeSpecial(java.lang.Object, java.lang.Object, java.lang.Object, java.lang.Object, java.lang.Object, java.lang.Object, java.lang.Object, java.lang.Object, java.lang.Object, java.lang.Object, java.lang.Object, java.lang.Object, java.lang.Object, java.lang.Object, java.lang.Object, java.lang.Object, java.lang.Object, java.lang.Object, java.lang.Object)'> (0x00000000844bece0) 
thr
Event: 4.980 Thread 0x000001a1fc445740 Exception <a 'java/lang/NoSuchMethodError'{0x00000000844c5960}: 'java.lang.Object java.lang.invoke.DirectMethodHandle$Holder.invokeSpecial(java.lang.Object, java.lang.Object, java.lang.Object, java.lang.Object, java.lang.Object, java.lang.Object, java.lang.Object, java.lang.Object, java.lang.Object, java.lang.Object, java.lang.Object, java.lang.Object, java.lang.Object, java.lang.Object, java.lang.Object, java.lang.Object, java.lang.Object, java.lang.Object, java.lang.Object, java.lang.Object)'> (0x0000000
Event: 4.980 Thread 0x000001a1fc445740 Exception <a 'java/lang/NoSuchMethodError'{0x00000000844cb460}: 'java.lang.Object java.lang.invoke.DelegatingMethodHandle$Holder.reinvoke_L(java.lang.Object, java.lang.Object, java.lang.Object, java.lang.Object, java.lang.Object, java.lang.Object, java.lang.Object, java.lang.Object, java.lang.Object, java.lang.Object, java.lang.Object, java.lang.Object, java.lang.Object, java.lang.Object, java.lang.Object, java.lang.Object, java.lang.Object, java.lang.Object, java.lang.Object)'> (0x00000000844cb460) 
throw
Event: 4.997 Thread 0x000001a1fc445740 Exception <a 'java/lang/NoSuchMethodError'{0x0000000084215f80}: 'java.lang.Object java.lang.invoke.DirectMethodHandle$Holder.newInvokeSpecial(java.lang.Object, java.lang.Object, java.lang.Object, java.lang.Object, java.lang.Object, java.lang.Object, java.lang.Object, java.lang.Object, java.lang.Object, java.lang.Object, java.lang.Object, java.lang.Object)'> (0x0000000084215f80) 
thrown [s\src\hotspot\share\interpreter\linkResolver.cpp, line 773]
Event: 5.109 Thread 0x000001a1fc445740 Exception <a 'java/lang/IncompatibleClassChangeError'{0x0000000083e63ce8}: Found class java.lang.Object, but interface was expected> (0x0000000083e63ce8) 
thrown [s\src\hotspot\share\interpreter\linkResolver.cpp, line 840]
Event: 5.166 Thread 0x000001a1fc445740 Exception <a 'java/lang/NoSuchMethodError'{0x0000000083db31b8}: 'java.lang.Object java.lang.invoke.DirectMethodHandle$Holder.invokeVirtual(java.lang.Object, java.lang.Object, int)'> (0x0000000083db31b8) 
thrown [s\src\hotspot\share\interpreter\linkResolver.cpp, line 773]
Event: 5.176 Thread 0x000001a1fc445740 Exception <a 'java/lang/NoSuchMethodError'{0x0000000083de7360}: 'void java.lang.invoke.DirectMethodHandle$Holder.invokeStatic(java.lang.Object, java.lang.Object, java.lang.Object, int)'> (0x0000000083de7360) 
thrown [s\src\hotspot\share\interpreter\linkResolver.cpp, line 773]
Event: 5.243 Thread 0x000001a1fc445740 Exception <a 'java/lang/NoSuchMethodError'{0x0000000083a78bd0}: 'void java.lang.invoke.DirectMethodHandle$Holder.invokeInterface(java.lang.Object, java.lang.Object, java.lang.Object, java.lang.Object, java.lang.Object, java.lang.Object, java.lang.Object)'> (0x0000000083a78bd0) 
thrown [s\src\hotspot\share\interpreter\linkResolver.cpp, line 773]
Event: 5.243 Thread 0x000001a1fc445740 Exception <a 'java/lang/NoSuchMethodError'{0x0000000083a7d798}: 'void java.lang.invoke.DelegatingMethodHandle$Holder.reinvoke_L(java.lang.Object, java.lang.Object, java.lang.Object, java.lang.Object, java.lang.Object, java.lang.Object, java.lang.Object)'> (0x0000000083a7d798) 
thrown [s\src\hotspot\share\interpreter\linkResolver.cpp, line 773]

ZGC Phase Switch (0 events):
No events

VM Operations (20 events):
Event: 3.426 Executing safepoint VM operation: G1PauseCleanup
Event: 3.426 Executing safepoint VM operation: G1PauseCleanup done
Event: 3.731 Executing non-safepoint VM operation: HandshakeAllThreads (Deoptimize)
Event: 3.731 Executing non-safepoint VM operation: HandshakeAllThreads (Deoptimize) done
Event: 4.361 Executing safepoint VM operation: G1CollectForAllocation (G1 Evacuation Pause)
Event: 4.367 Executing safepoint VM operation: G1CollectForAllocation (G1 Evacuation Pause) done
Event: 4.398 Executing non-safepoint VM operation: HandshakeAllThreads (Deoptimize)
Event: 4.398 Executing non-safepoint VM operation: HandshakeAllThreads (Deoptimize) done
Event: 4.398 Executing non-safepoint VM operation: HandshakeAllThreads (Deoptimize)
Event: 4.398 Executing non-safepoint VM operation: HandshakeAllThreads (Deoptimize) done
Event: 4.651 Executing non-safepoint VM operation: HandshakeAllThreads (Deoptimize)
Event: 4.651 Executing non-safepoint VM operation: HandshakeAllThreads (Deoptimize) done
Event: 4.736 Executing safepoint VM operation: G1CollectForAllocation (G1 Evacuation Pause)
Event: 4.740 Executing safepoint VM operation: G1CollectForAllocation (G1 Evacuation Pause) done
Event: 4.889 Executing non-safepoint VM operation: HandshakeAllThreads (Deoptimize)
Event: 4.889 Executing non-safepoint VM operation: HandshakeAllThreads (Deoptimize) done
Event: 5.112 Executing non-safepoint VM operation: HandshakeAllThreads (Deoptimize)
Event: 5.112 Executing non-safepoint VM operation: HandshakeAllThreads (Deoptimize) done
Event: 5.257 Executing safepoint VM operation: G1CollectForAllocation (G1 Evacuation Pause)
Event: 5.262 Executing safepoint VM operation: G1CollectForAllocation (G1 Evacuation Pause) done

Memory protections (0 events):
No events

Nmethod flushes (0 events):
No events

Events (20 events):
Event: 1.879 Thread 0x000001a1f731e6d0 Thread added: 0x000001a1fc448bc0
Event: 1.954 Thread 0x000001a1f731e6d0 Thread added: 0x000001a1fc447810
Event: 1.960 Thread 0x000001a1f731e6d0 Thread added: 0x000001a1fc445740
Event: 1.972 Thread 0x000001a1fc445740 Thread added: 0x000001a1fc447ea0
Event: 1.976 Thread 0x000001a1fc445740 Thread added: 0x000001a1fc446af0
Event: 1.980 Thread 0x000001a1fc445740 Thread added: 0x000001a1fc445dd0
Event: 2.344 Thread 0x000001a1fc445740 Thread added: 0x000001a1fc447180
Event: 2.360 Thread 0x000001a1fc445740 Thread added: 0x000001a1fc448530
Event: 2.391 Thread 0x000001a1fc445740 Thread added: 0x000001a1fc446460
Event: 3.476 Thread 0x000001a1fc445740 Thread added: 0x000001a1fee76380
Event: 3.680 Thread 0x000001a1fc445740 Thread added: 0x000001a1fee7abb0
Event: 3.686 Thread 0x000001a1fc445740 Thread added: 0x000001a1fee79170
Event: 3.800 Thread 0x000001a1fc445740 Thread added: 0x000001a1fee75cf0
Event: 3.800 Thread 0x000001a1fc445740 Thread added: 0x000001a1fee7b240
Event: 3.800 Thread 0x000001a1fc445740 Thread added: 0x000001a1fee75660
Event: 3.800 Thread 0x000001a1fc445740 Thread added: 0x000001a1fee76a10
Event: 4.527 Thread 0x000001a1fc445740 Thread added: 0x000001a1fee78450
Event: 4.582 Thread 0x000001a1fc445740 Thread added: 0x000001a1fee77730
Event: 4.594 Thread 0x000001a1fc445740 Thread added: 0x000001a1fee78ae0
Event: 4.775 Thread 0x000001a1fc445740 Thread added: 0x000001a1fee79800


Dynamic libraries:
0x00007ff63fef0000 - 0x00007ff63fefe000 	C:\Users\peter\.jdks\ms-21.0.12.1\bin\java.exe
0x00007ff81e9f0000 - 0x00007ff81ebe8000 	C:\WINDOWS\SYSTEM32\ntdll.dll
0x00007ff81e360000 - 0x00007ff81e422000 	C:\WINDOWS\System32\KERNEL32.DLL
0x00007ff81c710000 - 0x00007ff81ca06000 	C:\WINDOWS\System32\KERNELBASE.dll
0x00007ff81c2b0000 - 0x00007ff81c3b0000 	C:\WINDOWS\System32\ucrtbase.dll
0x00007ff80c800000 - 0x00007ff80c81e000 	C:\Users\peter\.jdks\ms-21.0.12.1\bin\VCRUNTIME140.dll
0x00007ff80a740000 - 0x00007ff80a758000 	C:\Users\peter\.jdks\ms-21.0.12.1\bin\jli.dll
0x00007ff81ca10000 - 0x00007ff81cbb1000 	C:\WINDOWS\System32\USER32.dll
0x00007ff813750000 - 0x00007ff8139eb000 	C:\WINDOWS\WinSxS\amd64_microsoft.windows.common-controls_6595b64144ccf1df_6.0.19041.6456_none_60b8a6cb71f64256\COMCTL32.dll
0x00007ff81d240000 - 0x00007ff81d2de000 	C:\WINDOWS\System32\msvcrt.dll
0x00007ff81c6e0000 - 0x00007ff81c702000 	C:\WINDOWS\System32\win32u.dll
0x00007ff81d6f0000 - 0x00007ff81d71b000 	C:\WINDOWS\System32\GDI32.dll
0x00007ff81c510000 - 0x00007ff81c629000 	C:\WINDOWS\System32\gdi32full.dll
0x00007ff81c210000 - 0x00007ff81c2ad000 	C:\WINDOWS\System32\msvcp_win.dll
0x00007ff81d210000 - 0x00007ff81d23f000 	C:\WINDOWS\System32\IMM32.DLL
0x00007ff815ea0000 - 0x00007ff815eac000 	C:\Users\peter\.jdks\ms-21.0.12.1\bin\vcruntime140_1.dll
0x00007fffffab0000 - 0x00007fffffb39000 	C:\Users\peter\.jdks\ms-21.0.12.1\bin\msvcp140.dll
0x00007fffe51b0000 - 0x00007fffe5f5f000 	C:\Users\peter\.jdks\ms-21.0.12.1\bin\server\jvm.dll
0x00007ff81d570000 - 0x00007ff81d621000 	C:\WINDOWS\System32\ADVAPI32.dll
0x00007ff81d390000 - 0x00007ff81d42f000 	C:\WINDOWS\System32\sechost.dll
0x00007ff81e120000 - 0x00007ff81e240000 	C:\WINDOWS\System32\RPCRT4.dll
0x00007ff81c1e0000 - 0x00007ff81c207000 	C:\WINDOWS\System32\bcrypt.dll
0x00007ff81d780000 - 0x00007ff81d7eb000 	C:\WINDOWS\System32\WS2_32.dll
0x00007ff81ba60000 - 0x00007ff81baab000 	C:\WINDOWS\SYSTEM32\POWRPROF.dll
0x00007ff814790000 - 0x00007ff8147b7000 	C:\WINDOWS\SYSTEM32\WINMM.dll
0x00007ff8153b0000 - 0x00007ff8153ba000 	C:\WINDOWS\SYSTEM32\VERSION.dll
0x00007ff81ba20000 - 0x00007ff81ba32000 	C:\WINDOWS\SYSTEM32\UMPDC.dll
0x00007ff819f00000 - 0x00007ff819f12000 	C:\WINDOWS\SYSTEM32\kernel.appcore.dll
0x00007ff80b390000 - 0x00007ff80b39a000 	C:\Users\peter\.jdks\ms-21.0.12.1\bin\jimage.dll
0x00007ff8098b0000 - 0x00007ff809ab1000 	C:\WINDOWS\SYSTEM32\DBGHELP.DLL
0x00007ff803210000 - 0x00007ff803244000 	C:\WINDOWS\SYSTEM32\dbgcore.DLL
0x00007ff81c100000 - 0x00007ff81c182000 	C:\WINDOWS\System32\bcryptPrimitives.dll
0x00007ff80a340000 - 0x00007ff80a350000 	C:\Users\peter\.jdks\ms-21.0.12.1\bin\instrument.dll
0x00007ff80a710000 - 0x00007ff80a731000 	C:\Users\peter\.jdks\ms-21.0.12.1\bin\java.dll
0x00007ff81d9b0000 - 0x00007ff81e120000 	C:\WINDOWS\System32\SHELL32.dll
0x00007ff81a100000 - 0x00007ff81a8a5000 	C:\WINDOWS\SYSTEM32\windows.storage.dll
0x00007ff81cd70000 - 0x00007ff81d0c4000 	C:\WINDOWS\System32\combase.dll
0x00007ff81bab0000 - 0x00007ff81badb000 	C:\WINDOWS\SYSTEM32\Wldp.dll
0x00007ff81d490000 - 0x00007ff81d55d000 	C:\WINDOWS\System32\OLEAUT32.dll
0x00007ff81e8a0000 - 0x00007ff81e94d000 	C:\WINDOWS\System32\SHCORE.dll
0x00007ff81e950000 - 0x00007ff81e9ab000 	C:\WINDOWS\System32\shlwapi.dll
0x00007ff81bfb0000 - 0x00007ff81bfd4000 	C:\WINDOWS\SYSTEM32\profapi.dll
0x00007ffff5b30000 - 0x00007ffff5c06000 	C:\Users\peter\.jdks\ms-21.0.12.1\bin\jsvml.dll
0x00007ff80a6f0000 - 0x00007ff80a708000 	C:\Users\peter\.jdks\ms-21.0.12.1\bin\zip.dll
0x00007ff80a6a0000 - 0x00007ff80a6b1000 	C:\Users\peter\.jdks\ms-21.0.12.1\bin\net.dll
0x00007ff816570000 - 0x00007ff81667a000 	C:\WINDOWS\SYSTEM32\WINHTTP.dll
0x00007ff81b7a0000 - 0x00007ff81b80a000 	C:\WINDOWS\system32\mswsock.dll
0x00007ff80a680000 - 0x00007ff80a696000 	C:\Users\peter\.jdks\ms-21.0.12.1\bin\nio.dll
0x00007ff80a6e0000 - 0x00007ff80a6f0000 	C:\Users\peter\.jdks\ms-21.0.12.1\bin\verify.dll
0x00007fffffef0000 - 0x00007ffffff17000 	C:\Users\peter\.gradle\native\c067742578af261105cb4f569cf0c3c89f3d7b1fecec35dd04571415982c5e48\windows-amd64\native-platform.dll
0x00007ffff5e30000 - 0x00007ffff5f74000 	C:\Users\peter\.gradle\native\38dada09dfb8b06ba9b0570ebf7e218e3eb74d4ef43ca46872605cf95ebc2f47\windows-amd64\native-platform-file-events.dll
0x00007ff80a670000 - 0x00007ff80a67a000 	C:\Users\peter\.jdks\ms-21.0.12.1\bin\management.dll
0x00007ff80a3b0000 - 0x00007ff80a3bc000 	C:\Users\peter\.jdks\ms-21.0.12.1\bin\management_ext.dll
0x00007ff81d9a0000 - 0x00007ff81d9a8000 	C:\WINDOWS\System32\PSAPI.DLL
0x00007ff81b990000 - 0x00007ff81b9a8000 	C:\WINDOWS\SYSTEM32\CRYPTSP.dll
0x00007ff81b050000 - 0x00007ff81b088000 	C:\WINDOWS\system32\rsaenh.dll
0x00007ff81bf70000 - 0x00007ff81bf9e000 	C:\WINDOWS\SYSTEM32\USERENV.dll
0x00007ff81b9b0000 - 0x00007ff81b9bc000 	C:\WINDOWS\SYSTEM32\CRYPTBASE.dll
0x00007ff81b480000 - 0x00007ff81b4bb000 	C:\WINDOWS\SYSTEM32\IPHLPAPI.DLL
0x00007ff81d560000 - 0x00007ff81d568000 	C:\WINDOWS\System32\NSI.dll
0x00007ff80a350000 - 0x00007ff80a359000 	C:\Users\peter\.jdks\ms-21.0.12.1\bin\extnet.dll
0x00007ff80a2e0000 - 0x00007ff80a2ee000 	C:\Users\peter\.jdks\ms-21.0.12.1\bin\sunmscapi.dll
0x00007ff81c3b0000 - 0x00007ff81c50d000 	C:\WINDOWS\System32\CRYPT32.dll
0x00007ff81bb20000 - 0x00007ff81bb47000 	C:\WINDOWS\SYSTEM32\ncrypt.dll
0x00007ff81bae0000 - 0x00007ff81bb1b000 	C:\WINDOWS\SYSTEM32\NTASN1.dll
0x00007fffd3dc0000 - 0x00007fffd3dc7000 	C:\WINDOWS\system32\wshunix.dll

JVMTI agents:
C:\Users\peter\.gradle\wrapper\dists\gradle-8.7-bin\bhs2wmbdwecv87pi65oeuq5iu\gradle-8.7\lib\agents\gradle-instrumentation-agent-8.7.jar path:C:\Users\peter\.jdks\ms-21.0.12.1\bin\instrument.dll, loaded, initialized, instrumentlib options:none

dbghelp: loaded successfully - version: 4.0.5 - missing functions: none
symbol engine: initialized successfully - sym options: 0x614 - pdb path: .;C:\Users\peter\.jdks\ms-21.0.12.1\bin;C:\WINDOWS\SYSTEM32;C:\WINDOWS\WinSxS\amd64_microsoft.windows.common-controls_6595b64144ccf1df_6.0.19041.6456_none_60b8a6cb71f64256;C:\Users\peter\.jdks\ms-21.0.12.1\bin\server;C:\Users\peter\.gradle\native\c067742578af261105cb4f569cf0c3c89f3d7b1fecec35dd04571415982c5e48\windows-amd64;C:\Users\peter\.gradle\native\38dada09dfb8b06ba9b0570ebf7e218e3eb74d4ef43ca46872605cf95ebc2f47\windows-amd64

VM Arguments:
jvm_args: --add-opens=java.base/java.util=ALL-UNNAMED --add-opens=java.base/java.lang=ALL-UNNAMED --add-opens=java.base/java.lang.invoke=ALL-UNNAMED --add-opens=java.prefs/java.util.prefs=ALL-UNNAMED --add-opens=java.base/java.nio.charset=ALL-UNNAMED --add-opens=java.base/java.net=ALL-UNNAMED --add-opens=java.base/java.util.concurrent.atomic=ALL-UNNAMED -Xmx2048m -Dfile.encoding=UTF-8 -Duser.country=AU -Duser.language=en -Duser.variant -javaagent:C:\Users\peter\.gradle\wrapper\dists\gradle-8.7-bin\bhs2wmbdwecv87pi65oeuq5iu\gradle-8.7\lib\agents\gradle-instrumentation-agent-8.7.jar 
java_command: org.gradle.launcher.daemon.bootstrap.GradleDaemon 8.7
java_class_path (initial): C:\Users\peter\.gradle\wrapper\dists\gradle-8.7-bin\bhs2wmbdwecv87pi65oeuq5iu\gradle-8.7\lib\gradle-launcher-8.7.jar
Launcher Type: SUN_STANDARD

[Global flags]
     intx CICompilerCount                          = 3                                         {product} {ergonomic}
     uint ConcGCThreads                            = 1                                         {product} {ergonomic}
     uint G1ConcRefinementThreads                  = 4                                         {product} {ergonomic}
   size_t G1HeapRegionSize                         = 1048576                                   {product} {ergonomic}
    uintx GCDrainStackTargetSize                   = 64                                        {product} {ergonomic}
   size_t InitialHeapSize                          = 134217728                                 {product} {ergonomic}
   size_t MarkStackSize                            = 4194304                                   {product} {ergonomic}
   size_t MaxHeapSize                              = 2147483648                                {product} {command line}
   size_t MaxNewSize                               = 1287651328                                {product} {ergonomic}
   size_t MinHeapDeltaBytes                        = 1048576                                   {product} {ergonomic}
   size_t MinHeapSize                              = 8388608                                   {product} {ergonomic}
    uintx NonNMethodCodeHeapSize                   = 5832780                                {pd product} {ergonomic}
    uintx NonProfiledCodeHeapSize                  = 122912730                              {pd product} {ergonomic}
    uintx ProfiledCodeHeapSize                     = 122912730                              {pd product} {ergonomic}
    uintx ReservedCodeCacheSize                    = 251658240                              {pd product} {ergonomic}
     bool SegmentedCodeCache                       = true                                      {product} {ergonomic}
   size_t SoftMaxHeapSize                          = 2147483648                             {manageable} {ergonomic}
     bool UseCompressedOops                        = true                           {product lp64_product} {ergonomic}
     bool UseG1GC                                  = true                                      {product} {ergonomic}
     bool UseLargePagesIndividualAllocation        = false                                  {pd product} {ergonomic}

Logging:
Log output configuration:
 #0: stdout all=warning uptime,level,tags foldmultilines=false
 #1: stderr all=off uptime,level,tags foldmultilines=false

Release file:
IMPLEMENTOR="Microsoft" 
IMPLEMENTOR_VERSION="Microsoft-14941484" 
JAVA_RUNTIME_VERSION="21.0.12.1+1-LTS" 
JAVA_VERSION="21.0.12.1" 
JAVA_VERSION_DATE="2026-08-18" 
LIBC="default" 
MODULES="java.base java.compiler java.datatransfer java.xml java.prefs java.desktop java.instrument java.logging java.management java.security.sasl java.naming java.rmi java.management.rmi java.net.http java.scripting java.security.jgss java.transaction.xa java.sql java.sql.rowset java.xml.crypto java.se java.smartcardio jdk.accessibility jdk.internal.jvmstat jdk.attach jdk.charsets jdk.internal.opt jdk.zipfs jdk.compiler jdk.crypto.ec jdk.crypto.cryptoki jdk.crypto.mscapi jdk.dynalink jdk.internal.ed jdk.editpad jdk.hotspot.agent jdk.httpserver jdk.incubator.vector jdk.internal.le jdk.internal.vm.ci jdk.internal.vm.compiler jdk.internal.vm.compiler.management jdk.jartool jdk.javadoc jdk.jcmd jdk.management jdk.management.agent jdk.jconsole jdk.jdeps jdk.jdwp.agent jdk.jdi jdk.jfr jdk.jlink jdk.jpackage jdk.jshell jdk.jsobject jdk.jstatd jdk.localedata jdk.management.jfr jdk.naming.dns jdk.naming.rmi jdk.net jdk.nio.mapmode jdk.random jdk.sctp jdk.security.auth jdk.security.jgss jdk.unsupported jdk.unsupported.desktop jdk.xml.dom" 
OS_ARCH="x86_64" 
OS_NAME="Windows" 
SOURCE=".:git:6f26c6b2b098" 

Environment Variables:
JAVA_HOME=C:\Users\peter\.jdks\ms-21.0.12.1
PATH=C:\Program Files (x86)\Common Files\Oracle\Java\java8path;C:\Program Files (x86)\Common Files\Oracle\Java\javapath;C:\WINDOWS\system32;C:\WINDOWS;C:\WINDOWS\System32\Wbem;C:\WINDOWS\System32\WindowsPowerShell\v1.0\;C:\WINDOWS\System32\OpenSSH\;D:\Program Files\PuTTY\;C:\Program Files\dotnet\;D:\Program Files\Calibre2\;D:\Program Files (x86)\Openport;C:\Program Files\nodejs\;C:\Program Files\Git\cmd;C:\Users\peter\AppData\Local\Microsoft\WindowsApps;C:\Users\peter\AppData\Local\GitHubDesktop\bin;C:\Users\peter\AppData\Local\Programs\VSCodium\bin;d:\Program Files (x86)\Nmap;C:\Users\peter\AppData\Roaming\npm
USERNAME=peter
OS=Windows_NT
PROCESSOR_IDENTIFIER=Intel64 Family 6 Model 42 Stepping 7, GenuineIntel
TMP=C:\Users\peter\AppData\Local\Temp
TEMP=C:\Users\peter\AppData\Local\Temp




Periodic native trim disabled

---------------  S Y S T E M  ---------------

OS:
 Windows 10 , 64 bit Build 19041 (10.0.19041.5915)
OS uptime: 0 days 4:52 hours

CPU: total 4 (initial active 4) (4 cores per cpu, 1 threads per core) family 6 model 42 stepping 7 microcode 0x2f, cx8, cmov, fxsr, mmx, sse, sse2, sse3, ssse3, sse4.1, sse4.2, popcnt, tsc, tscinvbit, avx, aes, clmul, vzeroupper, clflush, rdtscp
Processor Information for the first 4 processors :
  Max Mhz: 3301, Current Mhz: 3301, Mhz Limit: 3301

Memory: 4k page, system-wide physical 8103M (782M free)
TotalPageFile size 17895M (AvailPageFile size 8490M)
current process WorkingSet (physical memory assigned to process): 204M, peak: 242M
current process commit charge ("private bytes"): 241M, peak: 307M

vm_info: OpenJDK 64-Bit Server VM (21.0.12.1+1-LTS) for windows-amd64 JRE (21.0.12.1+1-LTS), built on 2026-08-11T20:50:01Z by "MicrosoftCorporation" with MS VC++ 17.14 (VS2022)

END.
